// Jest Snapshot v1, https://goo.gl/fbAQLP

exports[`App.vue Render default contents 1`] = `
<div id="app">
  <b-navbar toggleable="lg" type="dark" variant="info">
    <b-button class="mr-4">Menu</b-button>
    <b-navbar-brand href="#">Time Tracker</b-navbar-brand>
  </b-navbar>
  <b-sidebar id="sidebar" title="Main Menu" shadow>
    <div class="px-3 py-2">
      <b-list-group>
        <b-list-group-item href="/#/">
          Hours Log
        </b-list-group-item>
        <b-list-group-item href="/#/projects">
          Projects
        </b-list-group-item>
      </b-list-group>
      <div class="dropdown-divider"></div>
      <b-list-group>
        <b-list-group-item href="/">
          Exports
        </b-list-group-item>
        <b-list-group-item href="/">
          Settings
        </b-list-group-item>
      </b-list-group>
    </div>
  </b-sidebar>
  <router-view></router-view>
</div>
`;
